Microchip MPLAB XC8 Compiler V1.30 ()

Linker command line:

--edf=C:\Program Files (x86)\Microchip\xc8\v1.30\dat\en_msgs.txt -cs \
  -h+dist/default/production\LCD.X.production.sym \
  --cmf=dist/default/production\LCD.X.production.cmf -z -Q16F877 \
  -oC:\Users\IBRAHI~1\AppData\Local\Temp\s48g.6 \
  -Mdist/default/production/LCD.X.production.map -E1 -ver=XC8 \
  -ASTACK=0110h-016fh -pstack=STACK -ACONST=00h-0FFhx32 -ACODE=00h-07FFhx4 \
  -ASTRCODE=00h-01FFFh -AENTRY=00h-0FFhx32 -ASTRING=00h-0FFhx32 \
  -ACOMMON=070h-07Fh -ABANK0=020h-06Fh -ABANK1=0A0h-0EFh \
  -ABANK2=0110h-016Fh -ABANK3=0190h-01EFh \
  -ARAM=020h-06Fh,0A0h-0EFh,0110h-016Fh,0190h-01EFh \
  -AABS1=020h-07Fh,0A0h-0EFh,0110h-016Fh,0190h-01EFh -ASFR0=00h-01Fh \
  -ASFR1=080h-09Fh -ASFR2=0100h-010Fh -ASFR3=0180h-018Fh \
  -preset_vec=00h,intentry,init,end_init -ppowerup=CODE -pcinit=CODE \
  -pfunctab=CODE -ACONFIG=02007h-02007h -pconfig=CONFIG -DCONFIG=2 \
  -AIDLOC=02000h-02003h -pidloc=IDLOC -DIDLOC=2 -AEEDATA=00h-0FFh/02100h \
  -peeprom_data=EEDATA -DEEDATA=2 -DCODE=2 -DSTRCODE=2 -DSTRING=2 -DCONST=2 \
  -DENTRY=2 -k C:\Users\IBRAHI~1\AppData\Local\Temp\s48g.obj \
  dist/default/production\LCD.X.production.obj 

Object code version is 3.11

Machine type is 16F877



                Name                               Link     Load   Length Selector   Space Scale
C:\Users\IBRAHI~1\AppData\Local\Temp\s48g.obj
                end_init                              0        0        3        0       0
                config                             2007     2007        1     400E       0
dist/default/production\LCD.X.production.obj
                cinit                               7FC      7FC        4      FF8       0
                text7                               753      753       11      EA6       0
                text6                               72F      72F        A      E5E       0
                text5                               743      743       10      E86       0
                text4                               796      796       29      F2C       0
                text3                               764      764       16      EC8       0
                text2                               739      739        A      E72       0
                text1                               77A      77A       1C      EF4       0
                maintext                            7BF      7BF       3D      F7E       0
                cstackCOMMON                         70       70        9       70       1
                strings                               3        3       28        6       0

TOTAL           Name                               Link     Load   Length     Space
        CLASS   STACK          

        CLASS   CONST          

        CLASS   CODE           
                end_init                              0        0        3         0
                cinit                               7FC      7FC        4         0
                text7                               753      753       11         0
                text6                               72F      72F        A         0
                text5                               743      743       10         0
                text4                               796      796       29         0
                text3                               764      764       16         0
                text2                               739      739        A         0
                text1                               77A      77A       1C         0
                maintext                            7BF      7BF       3D         0

        CLASS   STRCODE        

        CLASS   ENTRY          

        CLASS   STRING         
                strings                               3        3       28         0

        CLASS   COMMON         
                cstackCOMMON                         70       70        9         1

        CLASS   BANK0          

        CLASS   BANK1          

        CLASS   BANK2          

        CLASS   BANK3          

        CLASS   RAM            

        CLASS   ABS1           
                abs_s1                               7E       7E        2         1

        CLASS   SFR0           

        CLASS   SFR1           

        CLASS   SFR2           

        CLASS   SFR3           

        CLASS   CONFIG         
                config                             2007     2007        1         0

        CLASS   IDLOC          

        CLASS   EEDATA         



SEGMENTS        Name                           Load    Length   Top    Selector   Space  Class     Delta

                reset_vec                      000000  000003  000003         0       0  CODE        2
                strings                        000003  000028  00002B         6       0  STRING      2
                cstackCOMMON                   000070  000009  000079        70       1  COMMON      1
                text6                          00072F  00000A  000739       E5E       0  CODE        2
                text2                          000739  00000A  000743       E72       0  CODE        2
                text5                          000743  000010  000753       E86       0  CODE        2
                text7                          000753  000011  000764       EA6       0  CODE        2
                text3                          000764  000016  00077A       EC8       0  CODE        2
                text1                          00077A  00001C  000796       EF4       0  CODE        2
                text4                          000796  000029  0007BF       F2C       0  CODE        2
                maintext                       0007BF  00003D  0007FC       F7E       0  CODE        2
                cinit                          0007FC  000004  000800       FF8       0  CODE        2
                config                         002007  000001  002008      400E       0  CONFIG      2


UNUSED ADDRESS RANGES

        Name                Unused          Largest block    Delta
        BANK0            0020-006F             50           1
        BANK1            00A0-00EF             50           1
        BANK2            0110-016F             60           1
        BANK3            0190-01EF             60           1
        CODE             002B-072E            704           2
                         0800-1FFF            800
        COMMON           0079-007D              5           1
        CONST            002B-072E            100           2
                         0800-1FFF            100
        EEDATA           2100-21FF            100           2
        ENTRY            002B-072E            100           2
                         0800-1FFF            100
        IDLOC            2000-2003              4           2
        RAM              0020-006F             50           1
                         00A0-00EF             50
                         0110-016F             60
                         0190-01EF             60
        SFR0             0000-001F             20           1
        SFR1             0080-009F             20           1
        SFR2             0100-010F             10           1
        SFR3             0180-018F             10           1
        STACK            0110-016F             60           1
        STRCODE          002B-072E            704           2
                         0800-1FFF           1800
        STRING           002B-072E            100           2
                         0800-1FFF            100

                                  Symbol Table

MoveCursorToPosition@Address    cstackCOMMON 0072
WriteCmd_LCD@Cmd                cstackCOMMON 0071
WriteData_LCD@Data              cstackCOMMON 0071
WriteString_LCD@String          cstackCOMMON 0073
_ClearScreen_LCD                text5        0743
_Initilize_LCD                  text4        0796
_MoveCursorToPosition           text3        0764
_PORTB                          (abs)        0006
_PORTCbits                      (abs)        0007
_TRISB                          (abs)        0086
_TRISCbits                      (abs)        0087
_Toggle_Enable_Pin_LCD          text7        0753
_WriteCmd_LCD                   text6        072F
_WriteData_LCD                  text2        0739
_WriteString_LCD                text1        077A
__CFG_BOREN$ON                  (abs)        0000
__CFG_CP$OFF                    (abs)        0000
__CFG_CPD$OFF                   (abs)        0000
__CFG_FOSC$HS                   (abs)        0000
__CFG_LVP$OFF                   (abs)        0000
__CFG_PWRTE$OFF                 (abs)        0000
__CFG_WDTE$OFF                  (abs)        0000
__CFG_WRT$OFF                   (abs)        0000
__Habs1                         abs1         0000
__Hbank0                        bank0        0000
__Hbank1                        bank1        0000
__Hbank2                        bank2        0000
__Hbank3                        bank3        0000
__Hcinit                        cinit        0800
__Hclrtext                      clrtext      0000
__Hcode                         code         0000
__Hcommon                       common       0000
__Hconfig                       config       2008
__HcstackCOMMON                 cstackCOMMON 0000
__Heeprom_data                  eeprom_data  0000
__Hend_init                     end_init     0003
__Hfunctab                      functab      0000
__Hidloc                        idloc        0000
__Hinit                         init         0000
__Hintentry                     intentry     0000
__Hmaintext                     maintext     0000
__Hpowerup                      powerup      0000
__Hram                          ram          0000
__Hreset_vec                    reset_vec    0000
__Hsfr0                         sfr0         0000
__Hsfr1                         sfr1         0000
__Hsfr2                         sfr2         0000
__Hsfr3                         sfr3         0000
__Hstack                        stack        0000
__Hstrings                      strings      0000
__Htext                         text         0000
__Labs1                         abs1         0000
__Lbank0                        bank0        0000
__Lbank1                        bank1        0000
__Lbank2                        bank2        0000
__Lbank3                        bank3        0000
__Lcinit                        cinit        07FC
__Lclrtext                      clrtext      0000
__Lcode                         code         0000
__Lcommon                       common       0000
__Lconfig                       config       2007
__LcstackCOMMON                 cstackCOMMON 0000
__Leeprom_data                  eeprom_data  0000
__Lend_init                     end_init     0000
__Lfunctab                      functab      0000
__Lidloc                        idloc        0000
__Linit                         init         0000
__Lintentry                     intentry     0000
__Lmaintext                     maintext     0000
__Lpowerup                      powerup      0000
__Lram                          ram          0000
__Lreset_vec                    reset_vec    0000
__Lsfr0                         sfr0         0000
__Lsfr1                         sfr1         0000
__Lsfr2                         sfr2         0000
__Lsfr3                         sfr3         0000
__Lstack                        stack        0000
__Lstrings                      strings      0000
__Ltext                         text         0000
__S0                            (abs)        2008
__S1                            (abs)        0079
__S2                            (abs)        0000
__S3                            (abs)        0000
___int_sp                       stack        0000
___latbits                      (abs)        0002
___sp                           stack        0000
__end_of_ClearScreen_LCD        text5        0753
__end_of_Initilize_LCD          text4        07BF
__end_of_MoveCursorToPosition   text3        077A
__end_of_Toggle_Enable_Pin_LCD  text7        0764
__end_of_WriteCmd_LCD           text6        0739
__end_of_WriteData_LCD          text2        0743
__end_of_WriteString_LCD        text1        0796
__end_of__initialization        cinit        07FC
__end_of__stringdata            strings      002B
__end_of__stringtab             strings      0009
__end_of_main                   maintext     07FC
__initialization                cinit        07FC
__pcstackCOMMON                 cstackCOMMON 0070
__pmaintext                     maintext     07BF
__pstrings                      strings      0003
__ptext1                        text1        077A
__ptext2                        text2        0739
__ptext3                        text3        0764
__ptext4                        text4        0796
__ptext5                        text5        0743
__ptext6                        text6        072F
__ptext7                        text7        0753
__size_of_ClearScreen_LCD       (abs)        0000
__size_of_Initilize_LCD         (abs)        0000
__size_of_MoveCursorToPosition  (abs)        0000
__size_of_Toggle_Enable_Pin_LCD (abs)        0000
__size_of_WriteCmd_LCD          (abs)        0000
__size_of_WriteData_LCD         (abs)        0000
__size_of_WriteString_LCD       (abs)        0000
__size_of_main                  (abs)        0000
__stringbase                    strings      0008
__stringdata                    strings      0009
__stringtab                     strings      0003
_main                           maintext     07BF
btemp                           (abs)        007E
end_of_initialization           cinit        07FC
intlevel0                       functab      0000
intlevel1                       functab      0000
intlevel2                       functab      0000
intlevel3                       functab      0000
intlevel4                       functab      0000
intlevel5                       functab      0000
ltemp                           (abs)        007E
ltemp0                          (abs)        007E
ltemp1                          (abs)        0082
ltemp2                          (abs)        0086
ltemp3                          (abs)        0080
reset_vec                       reset_vec    0000
stackhi                         (abs)        0000
stacklo                         (abs)        0000
start                           init         0000
start_initialization            cinit        07FC
ttemp                           (abs)        007E
ttemp0                          (abs)        007E
ttemp1                          (abs)        0081
ttemp2                          (abs)        0084
ttemp3                          (abs)        0087
ttemp4                          (abs)        007F
wtemp                           (abs)        007E
wtemp0                          (abs)        007E
wtemp1                          (abs)        0080
wtemp2                          (abs)        0082
wtemp3                          (abs)        0084
wtemp4                          (abs)        0086
wtemp5                          (abs)        0088
wtemp6                          (abs)        007F


FUNCTION INFORMATION:

 *************** function _main *****************
 Defined at:
		line 29 in file "main.c"
 Parameters:    Size  Location     Type
		None
 Auto vars:     Size  Location     Type
		None
 Return value:  Size  Location     Type
                  2   12[COMMON] int 
 Registers used:
		wreg, fsr0l, fsr0h, status,2, status,0, pclath, cstack
 Tracked objects:
		On entry : 
		On exit  : 
		Unchanged: 
 Data sizes:     COMMON   BANK0   BANK1   BANK3   BANK2
      Params:         0       0       0       0       0
      Locals:         0       0       0       0       0
      Temps:          3       0       0       0       0
      Totals:         3       0       0       0       0
Total ram usage:        3 bytes
 Hardware stack levels required when called:    4
 This function calls:
		_ClearScreen_LCD
		_Initilize_LCD
		_MoveCursorToPosition
		_WriteString_LCD
 This function is called by:
		Startup code after reset
 This function uses a non-reentrant model


 *************** function _WriteString_LCD *****************
 Defined at:
		line 88 in file "LCD.c"
 Parameters:    Size  Location     Type
  String          1    wreg     PTR const unsigned char 
		 -> STR_2(17), STR_1(17), 
 Auto vars:     Size  Location     Type
  String          1    3[COMMON] PTR const unsigned char 
		 -> STR_2(17), STR_1(17), 
 Return value:  Size  Location     Type
		None               void
 Registers used:
		wreg, fsr0l, fsr0h, status,2, status,0, pclath, cstack
 Tracked objects:
		On entry : 
		On exit  : 
		Unchanged: 
 Data sizes:     COMMON   BANK0   BANK1   BANK3   BANK2
      Params:         0       0       0       0       0
      Locals:         1       0       0       0       0
      Temps:          1       0       0       0       0
      Totals:         2       0       0       0       0
Total ram usage:        2 bytes
 Hardware stack levels used:    1
 Hardware stack levels required when called:    2
 This function calls:
		_WriteData_LCD
 This function is called by:
		_main
 This function uses a non-reentrant model


 *************** function _WriteData_LCD *****************
 Defined at:
		line 78 in file "LCD.c"
 Parameters:    Size  Location     Type
  Data            1    wreg     unsigned char 
 Auto vars:     Size  Location     Type
  Data            1    1[COMMON] unsigned char 
 Return value:  Size  Location     Type
		None               void
 Registers used:
		wreg, status,2, status,0, pclath, cstack
 Tracked objects:
		On entry : 
		On exit  : 
		Unchanged: 
 Data sizes:     COMMON   BANK0   BANK1   BANK3   BANK2
      Params:         0       0       0       0       0
      Locals:         1       0       0       0       0
      Temps:          0       0       0       0       0
      Totals:         1       0       0       0       0
Total ram usage:        1 bytes
 Hardware stack levels used:    1
 Hardware stack levels required when called:    1
 This function calls:
		_Toggle_Enable_Pin_LCD
 This function is called by:
		_WriteString_LCD
 This function uses a non-reentrant model


 *************** function _MoveCursorToPosition *****************
 Defined at:
		line 98 in file "LCD.c"
 Parameters:    Size  Location     Type
  Address         1    wreg     unsigned char 
 Auto vars:     Size  Location     Type
  Address         1    2[COMMON] unsigned char 
 Return value:  Size  Location     Type
                  1    wreg      unsigned char 
 Registers used:
		wreg, status,2, status,0, pclath, cstack
 Tracked objects:
		On entry : 
		On exit  : 
		Unchanged: 
 Data sizes:     COMMON   BANK0   BANK1   BANK3   BANK2
      Params:         0       0       0       0       0
      Locals:         1       0       0       0       0
      Temps:          0       0       0       0       0
      Totals:         1       0       0       0       0
Total ram usage:        1 bytes
 Hardware stack levels used:    1
 Hardware stack levels required when called:    2
 This function calls:
		_WriteCmd_LCD
 This function is called by:
		_main
 This function uses a non-reentrant model


 *************** function _Initilize_LCD *****************
 Defined at:
		line 18 in file "LCD.c"
 Parameters:    Size  Location     Type
		None
 Auto vars:     Size  Location     Type
		None
 Return value:  Size  Location     Type
		None               void
 Registers used:
		wreg, status,2, status,0, pclath, cstack
 Tracked objects:
		On entry : 
		On exit  : 
		Unchanged: 
 Data sizes:     COMMON   BANK0   BANK1   BANK3   BANK2
      Params:         0       0       0       0       0
      Locals:         0       0       0       0       0
      Temps:          2       0       0       0       0
      Totals:         2       0       0       0       0
Total ram usage:        2 bytes
 Hardware stack levels used:    1
 Hardware stack levels required when called:    3
 This function calls:
		_ClearScreen_LCD
		_WriteCmd_LCD
 This function is called by:
		_main
 This function uses a non-reentrant model


 *************** function _ClearScreen_LCD *****************
 Defined at:
		line 45 in file "LCD.c"
 Parameters:    Size  Location     Type
		None
 Auto vars:     Size  Location     Type
		None
 Return value:  Size  Location     Type
		None               void
 Registers used:
		wreg, status,2, status,0, pclath, cstack
 Tracked objects:
		On entry : 
		On exit  : 
		Unchanged: 
 Data sizes:     COMMON   BANK0   BANK1   BANK3   BANK2
      Params:         0       0       0       0       0
      Locals:         0       0       0       0       0
      Temps:          2       0       0       0       0
      Totals:         2       0       0       0       0
Total ram usage:        2 bytes
 Hardware stack levels used:    1
 Hardware stack levels required when called:    2
 This function calls:
		_WriteCmd_LCD
 This function is called by:
		_main
		_Initilize_LCD
 This function uses a non-reentrant model


 *************** function _WriteCmd_LCD *****************
 Defined at:
		line 68 in file "LCD.c"
 Parameters:    Size  Location     Type
  Cmd             1    wreg     unsigned char 
 Auto vars:     Size  Location     Type
  Cmd             1    1[COMMON] unsigned char 
 Return value:  Size  Location     Type
		None               void
 Registers used:
		wreg, status,2, status,0, pclath, cstack
 Tracked objects:
		On entry : 
		On exit  : 
		Unchanged: 
 Data sizes:     COMMON   BANK0   BANK1   BANK3   BANK2
      Params:         0       0       0       0       0
      Locals:         1       0       0       0       0
      Temps:          0       0       0       0       0
      Totals:         1       0       0       0       0
Total ram usage:        1 bytes
 Hardware stack levels used:    1
 Hardware stack levels required when called:    1
 This function calls:
		_Toggle_Enable_Pin_LCD
 This function is called by:
		_Initilize_LCD
		_ClearScreen_LCD
		_MoveCursorToPosition
 This function uses a non-reentrant model


 *************** function _Toggle_Enable_Pin_LCD *****************
 Defined at:
		line 55 in file "LCD.c"
 Parameters:    Size  Location     Type
		None
 Auto vars:     Size  Location     Type
		None
 Return value:  Size  Location     Type
		None               void
 Registers used:
		wreg
 Tracked objects:
		On entry : 
		On exit  : 
		Unchanged: 
 Data sizes:     COMMON   BANK0   BANK1   BANK3   BANK2
      Params:         0       0       0       0       0
      Locals:         0       0       0       0       0
      Temps:          1       0       0       0       0
      Totals:         1       0       0       0       0
Total ram usage:        1 bytes
 Hardware stack levels used:    1
 This function calls:
		Nothing
 This function is called by:
		_WriteCmd_LCD
		_WriteData_LCD
 This function uses a non-reentrant model



MODULE INFORMATION

Module		Function		Class		Link	Load	Size
shared
		__stringtab    		STRING         	0003	0000	6
		__stringdata   		STRING         	0009	0000	34
		__initializatio		CODE           	07FC	0000	0

shared estimated size: 40

main.c
		_main          		CODE           	07BF	0000	61

main.c estimated size: 61

LCD.c
		_WriteString_LC		CODE           	077A	0000	28
		_MoveCursorToPo		CODE           	0764	0000	22
		_Initilize_LCD 		CODE           	0796	0000	41
		_Toggle_Enable_		CODE           	0753	0000	17
		_WriteCmd_LCD  		CODE           	072F	0000	10
		_ClearScreen_LC		CODE           	0743	0000	16
		_WriteData_LCD 		CODE           	0739	0000	10

LCD.c estimated size: 144

